Archive member included because of file (symbol)

c:/users/jelle/appdata/local/arduino15/packages/arduino/tools/arm-none-eabi-gcc/4.8.3-2014q1/bin/../lib/gcc/arm-none-eabi/4.8.3/armv6-m\libgcc.a(_udivsi3.o)
                              build/SDCard/mmcbbp.o (__aeabi_uidiv)
c:/users/jelle/appdata/local/arduino15/packages/arduino/tools/arm-none-eabi-gcc/4.8.3-2014q1/bin/../lib/gcc/arm-none-eabi/4.8.3/armv6-m\libgcc.a(_dvmd_tls.o)
                              c:/users/jelle/appdata/local/arduino15/packages/arduino/tools/arm-none-eabi-gcc/4.8.3-2014q1/bin/../lib/gcc/arm-none-eabi/4.8.3/armv6-m\libgcc.a(_udivsi3.o) (__aeabi_idiv0)
c:/users/jelle/appdata/local/arduino15/packages/arduino/tools/arm-none-eabi-gcc/4.8.3-2014q1/bin/../lib/gcc/arm-none-eabi/4.8.3/../../../../arm-none-eabi/lib/armv6-m\libc_s.a(lib_a-exit.o)
                              c:/users/jelle/appdata/local/arduino15/packages/arduino/tools/arm-none-eabi-gcc/4.8.3-2014q1/bin/../lib/gcc/arm-none-eabi/4.8.3/../../../../arm-none-eabi/lib/armv6-m/crt0.o (exit)
c:/users/jelle/appdata/local/arduino15/packages/arduino/tools/arm-none-eabi-gcc/4.8.3-2014q1/bin/../lib/gcc/arm-none-eabi/4.8.3/../../../../arm-none-eabi/lib/armv6-m\libc_s.a(lib_a-impure.o)
                              c:/users/jelle/appdata/local/arduino15/packages/arduino/tools/arm-none-eabi-gcc/4.8.3-2014q1/bin/../lib/gcc/arm-none-eabi/4.8.3/../../../../arm-none-eabi/lib/armv6-m\libc_s.a(lib_a-exit.o) (_global_impure_ptr)
c:/users/jelle/appdata/local/arduino15/packages/arduino/tools/arm-none-eabi-gcc/4.8.3-2014q1/bin/../lib/gcc/arm-none-eabi/4.8.3/../../../../arm-none-eabi/lib/armv6-m\libc_s.a(lib_a-init.o)
                              c:/users/jelle/appdata/local/arduino15/packages/arduino/tools/arm-none-eabi-gcc/4.8.3-2014q1/bin/../lib/gcc/arm-none-eabi/4.8.3/../../../../arm-none-eabi/lib/armv6-m/crt0.o (__libc_init_array)
c:/users/jelle/appdata/local/arduino15/packages/arduino/tools/arm-none-eabi-gcc/4.8.3-2014q1/bin/../lib/gcc/arm-none-eabi/4.8.3/../../../../arm-none-eabi/lib/armv6-m\libc_s.a(lib_a-memcpy-stub.o)
                              build/board_driver_usb.o (memcpy)
c:/users/jelle/appdata/local/arduino15/packages/arduino/tools/arm-none-eabi-gcc/4.8.3-2014q1/bin/../lib/gcc/arm-none-eabi/4.8.3/../../../../arm-none-eabi/lib/armv6-m\libc_s.a(lib_a-memset.o)
                              c:/users/jelle/appdata/local/arduino15/packages/arduino/tools/arm-none-eabi-gcc/4.8.3-2014q1/bin/../lib/gcc/arm-none-eabi/4.8.3/../../../../arm-none-eabi/lib/armv6-m/crt0.o (memset)
c:/users/jelle/appdata/local/arduino15/packages/arduino/tools/arm-none-eabi-gcc/4.8.3-2014q1/bin/../lib/gcc/arm-none-eabi/4.8.3/../../../../arm-none-eabi/lib/armv6-m\libc_s.a(lib_a-strlen.o)
                              build/sam_ba_usb.o (strlen)
c:/users/jelle/appdata/local/arduino15/packages/arduino/tools/arm-none-eabi-gcc/4.8.3-2014q1/bin/../lib/gcc/arm-none-eabi/4.8.3/../../../../arm-none-eabi/lib/armv6-m\libnosys.a(_exit.o)
                              c:/users/jelle/appdata/local/arduino15/packages/arduino/tools/arm-none-eabi-gcc/4.8.3-2014q1/bin/../lib/gcc/arm-none-eabi/4.8.3/../../../../arm-none-eabi/lib/armv6-m\libc_s.a(lib_a-exit.o) (_exit)

Allocating common symbols
Common symbol       size              file

b_sharp_received    0x1               build/sam_ba_serial.o
Fatfs               0x2c              build/SDCard/sdBootloader.o
udd_ep_out_cache_buffer
                    0x80              build/board_driver_usb.o
j                   0x1               build/sam_ba_monitor.o
udd_ep_in_cache_buffer
                    0x80              build/board_driver_usb.o
idx_rx_write        0x1               build/sam_ba_serial.o
size_of_data        0x2               build/sam_ba_serial.o
length              0x4               build/sam_ba_monitor.o
ptr                 0x4               build/sam_ba_monitor.o
command             0x1               build/sam_ba_monitor.o
idx_tx_read         0x1               build/sam_ba_serial.o
i                   0x4               build/sam_ba_monitor.o
buffer_tx_usart     0x80              build/sam_ba_serial.o
sam_ba_cdc          0xc               build/sam_ba_usb.o
Buff                0x40              build/SDCard/sdBootloader.o
error_timeout       0x1               build/sam_ba_serial.o
usb_endpoint_table  0x80              build/board_driver_usb.o
data                0x40              build/sam_ba_monitor.o
mode_of_transfer    0x1               build/sam_ba_serial.o
ptr_data            0x4               build/sam_ba_monitor.o
idx_rx_read         0x1               build/sam_ba_serial.o
ptr_monitor_if      0x4               build/sam_ba_monitor.o
sp                  0x4               build/sam_ba_monitor.o
current_number      0x4               build/sam_ba_monitor.o
idx_tx_write        0x1               build/sam_ba_serial.o
u32tmp              0x4               build/sam_ba_monitor.o
buffer_rx_usart     0x80              build/sam_ba_serial.o

Discarded input sections

 .text          0x00000000        0x0 c:/users/jelle/appdata/local/arduino15/packages/arduino/tools/arm-none-eabi-gcc/4.8.3-2014q1/bin/../lib/gcc/arm-none-eabi/4.8.3/armv6-m/crti.o
 .data          0x00000000        0x0 c:/users/jelle/appdata/local/arduino15/packages/arduino/tools/arm-none-eabi-gcc/4.8.3-2014q1/bin/../lib/gcc/arm-none-eabi/4.8.3/armv6-m/crti.o
 .bss           0x00000000        0x0 c:/users/jelle/appdata/local/arduino15/packages/arduino/tools/arm-none-eabi-gcc/4.8.3-2014q1/bin/../lib/gcc/arm-none-eabi/4.8.3/armv6-m/crti.o
 .data          0x00000000        0x4 c:/users/jelle/appdata/local/arduino15/packages/arduino/tools/arm-none-eabi-gcc/4.8.3-2014q1/bin/../lib/gcc/arm-none-eabi/4.8.3/armv6-m/crtbegin.o
 .text          0x00000000       0x78 c:/users/jelle/appdata/local/arduino15/packages/arduino/tools/arm-none-eabi-gcc/4.8.3-2014q1/bin/../lib/gcc/arm-none-eabi/4.8.3/../../../../arm-none-eabi/lib/armv6-m/crt0.o
 .data          0x00000000        0x0 c:/users/jelle/appdata/local/arduino15/packages/arduino/tools/arm-none-eabi-gcc/4.8.3-2014q1/bin/../lib/gcc/arm-none-eabi/4.8.3/../../../../arm-none-eabi/lib/armv6-m/crt0.o
 .bss           0x00000000        0x0 c:/users/jelle/appdata/local/arduino15/packages/arduino/tools/arm-none-eabi-gcc/4.8.3-2014q1/bin/../lib/gcc/arm-none-eabi/4.8.3/../../../../arm-none-eabi/lib/armv6-m/crt0.o
 .ARM.extab     0x00000000        0x0 c:/users/jelle/appdata/local/arduino15/packages/arduino/tools/arm-none-eabi-gcc/4.8.3-2014q1/bin/../lib/gcc/arm-none-eabi/4.8.3/../../../../arm-none-eabi/lib/armv6-m/crt0.o
 .ARM.exidx     0x00000000        0x8 c:/users/jelle/appdata/local/arduino15/packages/arduino/tools/arm-none-eabi-gcc/4.8.3-2014q1/bin/../lib/gcc/arm-none-eabi/4.8.3/../../../../arm-none-eabi/lib/armv6-m/crt0.o
 .ARM.attributes
                0x00000000       0x1b c:/users/jelle/appdata/local/arduino15/packages/arduino/tools/arm-none-eabi-gcc/4.8.3-2014q1/bin/../lib/gcc/arm-none-eabi/4.8.3/../../../../arm-none-eabi/lib/armv6-m/crt0.o
 .text          0x00000000        0x0 build/board_driver_led.o
 .data          0x00000000        0x0 build/board_driver_led.o
 .bss           0x00000000        0x0 build/board_driver_led.o
 .text          0x00000000        0x0 build/board_driver_serial.o
 .data          0x00000000        0x0 build/board_driver_serial.o
 .bss           0x00000000        0x0 build/board_driver_serial.o
 .text.uart_basic_init
                0x00000000       0x54 build/board_driver_serial.o
 .text.uart_disable
                0x00000000       0x10 build/board_driver_serial.o
 .text.uart_write_byte
                0x00000000        0xa build/board_driver_serial.o
 .text.uart_read_byte
                0x00000000       0x30 build/board_driver_serial.o
 .text.uart_write_buffer_polled
                0x00000000       0x20 build/board_driver_serial.o
 .text.uart_read_buffer_polled
                0x00000000       0x40 build/board_driver_serial.o
 .bss.uart_drv_error_flag
                0x00000000        0x1 build/board_driver_serial.o
 .comment       0x00000000       0x71 build/board_driver_serial.o
 .ARM.attributes
                0x00000000       0x32 build/board_driver_serial.o
 .text          0x00000000        0x0 build/board_driver_usb.o
 .data          0x00000000        0x0 build/board_driver_usb.o
 .bss           0x00000000        0x0 build/board_driver_usb.o
 .text.USB_Read_blocking
                0x00000000       0x60 build/board_driver_usb.o
 .text          0x00000000        0x0 build/board_init.o
 .data          0x00000000        0x0 build/board_init.o
 .bss           0x00000000        0x0 build/board_init.o
 .text.waitForDFLL
                0x00000000       0x10 build/board_init.o
 .text          0x00000000        0x0 build/board_startup.o
 .data          0x00000000        0x0 build/board_startup.o
 .bss           0x00000000        0x0 build/board_startup.o
 .text          0x00000000        0x0 build/util.o
 .data          0x00000000        0x0 build/util.o
 .bss           0x00000000        0x0 build/util.o
 .text.systemReset
                0x00000000       0x1c build/util.o
 .text          0x00000000        0x0 build/SDCard/sdBootloader.o
 .data          0x00000000        0x0 build/SDCard/sdBootloader.o
 .bss           0x00000000        0x0 build/SDCard/sdBootloader.o
 .text          0x00000000        0x0 build/SDCard/mmcbbp.o
 .data          0x00000000        0x0 build/SDCard/mmcbbp.o
 .bss           0x00000000        0x0 build/SDCard/mmcbbp.o
 .text          0x00000000        0x0 build/SDCard/pff.o
 .data          0x00000000        0x0 build/SDCard/pff.o
 .bss           0x00000000        0x0 build/SDCard/pff.o
 .text          0x00000000        0x0 build/main.o
 .data          0x00000000        0x0 build/main.o
 .bss           0x00000000        0x0 build/main.o
 .text          0x00000000        0x0 build/sam_ba_usb.o
 .data          0x00000000        0x0 build/sam_ba_usb.o
 .bss           0x00000000        0x0 build/sam_ba_usb.o
 .text          0x00000000        0x0 build/sam_ba_cdc.o
 .data          0x00000000        0x0 build/sam_ba_cdc.o
 .bss           0x00000000        0x0 build/sam_ba_cdc.o
 .text          0x00000000        0x0 build/sam_ba_monitor.o
 .data          0x00000000        0x0 build/sam_ba_monitor.o
 .bss           0x00000000        0x0 build/sam_ba_monitor.o
 .text          0x00000000        0x0 build/sam_ba_serial.o
 .data          0x00000000        0x0 build/sam_ba_serial.o
 .bss           0x00000000        0x0 build/sam_ba_serial.o
 .text.serial_open
                0x00000000       0x94 build/sam_ba_serial.o
 .text.serial_close
                0x00000000        0xc build/sam_ba_serial.o
 .text.serial_putc
                0x00000000       0x10 build/sam_ba_serial.o
 .text.serial_is_rx_ready
                0x00000000        0xc build/sam_ba_serial.o
 .text.serial_getc
                0x00000000       0x14 build/sam_ba_serial.o
 .text.serial_sharp_received
                0x00000000       0x1c build/sam_ba_serial.o
 .text.serial_readc
                0x00000000       0x20 build/sam_ba_serial.o
 .text.serial_putdata
                0x00000000       0x1a build/sam_ba_serial.o
 .text.serial_getdata
                0x00000000        0xe build/sam_ba_serial.o
 .text.getbytes
                0x00000000       0x64 build/sam_ba_serial.o
 .text.serial_putdata_xmd
                0x00000000      0x108 build/sam_ba_serial.o
 .text.serial_getdata_xmd
                0x00000000       0xf4 build/sam_ba_serial.o
 COMMON         0x00000000      0x109 build/sam_ba_serial.o
 .data          0x00000000        0x0 c:/users/jelle/appdata/local/arduino15/packages/arduino/tools/arm-none-eabi-gcc/4.8.3-2014q1/bin/../lib/gcc/arm-none-eabi/4.8.3/armv6-m\libgcc.a(_udivsi3.o)
 .bss           0x00000000        0x0 c:/users/jelle/appdata/local/arduino15/packages/arduino/tools/arm-none-eabi-gcc/4.8.3-2014q1/bin/../lib/gcc/arm-none-eabi/4.8.3/armv6-m\libgcc.a(_udivsi3.o)
 .data          0x00000000        0x0 c:/users/jelle/appdata/local/arduino15/packages/arduino/tools/arm-none-eabi-gcc/4.8.3-2014q1/bin/../lib/gcc/arm-none-eabi/4.8.3/armv6-m\libgcc.a(_dvmd_tls.o)
 .bss           0x00000000        0x0 c:/users/jelle/appdata/local/arduino15/packages/arduino/tools/arm-none-eabi-gcc/4.8.3-2014q1/bin/../lib/gcc/arm-none-eabi/4.8.3/armv6-m\libgcc.a(_dvmd_tls.o)
 .text          0x00000000        0x0 c:/users/jelle/appdata/local/arduino15/packages/arduino/tools/arm-none-eabi-gcc/4.8.3-2014q1/bin/../lib/gcc/arm-none-eabi/4.8.3/../../../../arm-none-eabi/lib/armv6-m\libc_s.a(lib_a-exit.o)
 .data          0x00000000        0x0 c:/users/jelle/appdata/local/arduino15/packages/arduino/tools/arm-none-eabi-gcc/4.8.3-2014q1/bin/../lib/gcc/arm-none-eabi/4.8.3/../../../../arm-none-eabi/lib/armv6-m\libc_s.a(lib_a-exit.o)
 .bss           0x00000000        0x0 c:/users/jelle/appdata/local/arduino15/packages/arduino/tools/arm-none-eabi-gcc/4.8.3-2014q1/bin/../lib/gcc/arm-none-eabi/4.8.3/../../../../arm-none-eabi/lib/armv6-m\libc_s.a(lib_a-exit.o)
 .text.exit     0x00000000       0x2c c:/users/jelle/appdata/local/arduino15/packages/arduino/tools/arm-none-eabi-gcc/4.8.3-2014q1/bin/../lib/gcc/arm-none-eabi/4.8.3/../../../../arm-none-eabi/lib/armv6-m\libc_s.a(lib_a-exit.o)
 .ARM.attributes
                0x00000000       0x2c c:/users/jelle/appdata/local/arduino15/packages/arduino/tools/arm-none-eabi-gcc/4.8.3-2014q1/bin/../lib/gcc/arm-none-eabi/4.8.3/../../../../arm-none-eabi/lib/armv6-m\libc_s.a(lib_a-exit.o)
 .debug_frame   0x00000000       0x28 c:/users/jelle/appdata/local/arduino15/packages/arduino/tools/arm-none-eabi-gcc/4.8.3-2014q1/bin/../lib/gcc/arm-none-eabi/4.8.3/../../../../arm-none-eabi/lib/armv6-m\libc_s.a(lib_a-exit.o)
 .text          0x00000000        0x0 c:/users/jelle/appdata/local/arduino15/packages/arduino/tools/arm-none-eabi-gcc/4.8.3-2014q1/bin/../lib/gcc/arm-none-eabi/4.8.3/../../../../arm-none-eabi/lib/armv6-m\libc_s.a(lib_a-impure.o)
 .data          0x00000000        0x0 c:/users/jelle/appdata/local/arduino15/packages/arduino/tools/arm-none-eabi-gcc/4.8.3-2014q1/bin/../lib/gcc/arm-none-eabi/4.8.3/../../../../arm-none-eabi/lib/armv6-m\libc_s.a(lib_a-impure.o)
 .bss           0x00000000        0x0 c:/users/jelle/appdata/local/arduino15/packages/arduino/tools/arm-none-eabi-gcc/4.8.3-2014q1/bin/../lib/gcc/arm-none-eabi/4.8.3/../../../../arm-none-eabi/lib/armv6-m\libc_s.a(lib_a-impure.o)
 .data.impure_data
                0x00000000       0x60 c:/users/jelle/appdata/local/arduino15/packages/arduino/tools/arm-none-eabi-gcc/4.8.3-2014q1/bin/../lib/gcc/arm-none-eabi/4.8.3/../../../../arm-none-eabi/lib/armv6-m\libc_s.a(lib_a-impure.o)
 .data._impure_ptr
                0x00000000        0x4 c:/users/jelle/appdata/local/arduino15/packages/arduino/tools/arm-none-eabi-gcc/4.8.3-2014q1/bin/../lib/gcc/arm-none-eabi/4.8.3/../../../../arm-none-eabi/lib/armv6-m\libc_s.a(lib_a-impure.o)
 .rodata.str1.1
                0x00000000        0x2 c:/users/jelle/appdata/local/arduino15/packages/arduino/tools/arm-none-eabi-gcc/4.8.3-2014q1/bin/../lib/gcc/arm-none-eabi/4.8.3/../../../../arm-none-eabi/lib/armv6-m\libc_s.a(lib_a-impure.o)
 .rodata._global_impure_ptr
                0x00000000        0x4 c:/users/jelle/appdata/local/arduino15/packages/arduino/tools/arm-none-eabi-gcc/4.8.3-2014q1/bin/../lib/gcc/arm-none-eabi/4.8.3/../../../../arm-none-eabi/lib/armv6-m\libc_s.a(lib_a-impure.o)
 .ARM.attributes
                0x00000000       0x2c c:/users/jelle/appdata/local/arduino15/packages/arduino/tools/arm-none-eabi-gcc/4.8.3-2014q1/bin/../lib/gcc/arm-none-eabi/4.8.3/../../../../arm-none-eabi/lib/armv6-m\libc_s.a(lib_a-impure.o)
 .text          0x00000000        0x0 c:/users/jelle/appdata/local/arduino15/packages/arduino/tools/arm-none-eabi-gcc/4.8.3-2014q1/bin/../lib/gcc/arm-none-eabi/4.8.3/../../../../arm-none-eabi/lib/armv6-m\libc_s.a(lib_a-init.o)
 .data          0x00000000        0x0 c:/users/jelle/appdata/local/arduino15/packages/arduino/tools/arm-none-eabi-gcc/4.8.3-2014q1/bin/../lib/gcc/arm-none-eabi/4.8.3/../../../../arm-none-eabi/lib/armv6-m\libc_s.a(lib_a-init.o)
 .bss           0x00000000        0x0 c:/users/jelle/appdata/local/arduino15/packages/arduino/tools/arm-none-eabi-gcc/4.8.3-2014q1/bin/../lib/gcc/arm-none-eabi/4.8.3/../../../../arm-none-eabi/lib/armv6-m\libc_s.a(lib_a-init.o)
 .text.__libc_init_array
                0x00000000       0x4c c:/users/jelle/appdata/local/arduino15/packages/arduino/tools/arm-none-eabi-gcc/4.8.3-2014q1/bin/../lib/gcc/arm-none-eabi/4.8.3/../../../../arm-none-eabi/lib/armv6-m\libc_s.a(lib_a-init.o)
 .ARM.attributes
                0x00000000       0x2c c:/users/jelle/appdata/local/arduino15/packages/arduino/tools/arm-none-eabi-gcc/4.8.3-2014q1/bin/../lib/gcc/arm-none-eabi/4.8.3/../../../../arm-none-eabi/lib/armv6-m\libc_s.a(lib_a-init.o)
 .debug_frame   0x00000000       0x2c c:/users/jelle/appdata/local/arduino15/packages/arduino/tools/arm-none-eabi-gcc/4.8.3-2014q1/bin/../lib/gcc/arm-none-eabi/4.8.3/../../../../arm-none-eabi/lib/armv6-m\libc_s.a(lib_a-init.o)
 .text          0x00000000        0x0 c:/users/jelle/appdata/local/arduino15/packages/arduino/tools/arm-none-eabi-gcc/4.8.3-2014q1/bin/../lib/gcc/arm-none-eabi/4.8.3/../../../../arm-none-eabi/lib/armv6-m\libc_s.a(lib_a-memcpy-stub.o)
 .data          0x00000000        0x0 c:/users/jelle/appdata/local/arduino15/packages/arduino/tools/arm-none-eabi-gcc/4.8.3-2014q1/bin/../lib/gcc/arm-none-eabi/4.8.3/../../../../arm-none-eabi/lib/armv6-m\libc_s.a(lib_a-memcpy-stub.o)
 .bss           0x00000000        0x0 c:/users/jelle/appdata/local/arduino15/packages/arduino/tools/arm-none-eabi-gcc/4.8.3-2014q1/bin/../lib/gcc/arm-none-eabi/4.8.3/../../../../arm-none-eabi/lib/armv6-m\libc_s.a(lib_a-memcpy-stub.o)
 .text          0x00000000        0x0 c:/users/jelle/appdata/local/arduino15/packages/arduino/tools/arm-none-eabi-gcc/4.8.3-2014q1/bin/../lib/gcc/arm-none-eabi/4.8.3/../../../../arm-none-eabi/lib/armv6-m\libc_s.a(lib_a-memset.o)
 .data          0x00000000        0x0 c:/users/jelle/appdata/local/arduino15/packages/arduino/tools/arm-none-eabi-gcc/4.8.3-2014q1/bin/../lib/gcc/arm-none-eabi/4.8.3/../../../../arm-none-eabi/lib/armv6-m\libc_s.a(lib_a-memset.o)
 .bss           0x00000000        0x0 c:/users/jelle/appdata/local/arduino15/packages/arduino/tools/arm-none-eabi-gcc/4.8.3-2014q1/bin/../lib/gcc/arm-none-eabi/4.8.3/../../../../arm-none-eabi/lib/armv6-m\libc_s.a(lib_a-memset.o)
 .text          0x00000000        0x0 c:/users/jelle/appdata/local/arduino15/packages/arduino/tools/arm-none-eabi-gcc/4.8.3-2014q1/bin/../lib/gcc/arm-none-eabi/4.8.3/../../../../arm-none-eabi/lib/armv6-m\libc_s.a(lib_a-strlen.o)
 .data          0x00000000        0x0 c:/users/jelle/appdata/local/arduino15/packages/arduino/tools/arm-none-eabi-gcc/4.8.3-2014q1/bin/../lib/gcc/arm-none-eabi/4.8.3/../../../../arm-none-eabi/lib/armv6-m\libc_s.a(lib_a-strlen.o)
 .bss           0x00000000        0x0 c:/users/jelle/appdata/local/arduino15/packages/arduino/tools/arm-none-eabi-gcc/4.8.3-2014q1/bin/../lib/gcc/arm-none-eabi/4.8.3/../../../../arm-none-eabi/lib/armv6-m\libc_s.a(lib_a-strlen.o)
 .text          0x00000000        0x0 c:/users/jelle/appdata/local/arduino15/packages/arduino/tools/arm-none-eabi-gcc/4.8.3-2014q1/bin/../lib/gcc/arm-none-eabi/4.8.3/../../../../arm-none-eabi/lib/armv6-m\libnosys.a(_exit.o)
 .data          0x00000000        0x0 c:/users/jelle/appdata/local/arduino15/packages/arduino/tools/arm-none-eabi-gcc/4.8.3-2014q1/bin/../lib/gcc/arm-none-eabi/4.8.3/../../../../arm-none-eabi/lib/armv6-m\libnosys.a(_exit.o)
 .bss           0x00000000        0x0 c:/users/jelle/appdata/local/arduino15/packages/arduino/tools/arm-none-eabi-gcc/4.8.3-2014q1/bin/../lib/gcc/arm-none-eabi/4.8.3/../../../../arm-none-eabi/lib/armv6-m\libnosys.a(_exit.o)
 .text._exit    0x00000000        0x4 c:/users/jelle/appdata/local/arduino15/packages/arduino/tools/arm-none-eabi-gcc/4.8.3-2014q1/bin/../lib/gcc/arm-none-eabi/4.8.3/../../../../arm-none-eabi/lib/armv6-m\libnosys.a(_exit.o)
 .ARM.attributes
                0x00000000       0x2c c:/users/jelle/appdata/local/arduino15/packages/arduino/tools/arm-none-eabi-gcc/4.8.3-2014q1/bin/../lib/gcc/arm-none-eabi/4.8.3/../../../../arm-none-eabi/lib/armv6-m\libnosys.a(_exit.o)
 .debug_frame   0x00000000       0x20 c:/users/jelle/appdata/local/arduino15/packages/arduino/tools/arm-none-eabi-gcc/4.8.3-2014q1/bin/../lib/gcc/arm-none-eabi/4.8.3/../../../../arm-none-eabi/lib/armv6-m\libnosys.a(_exit.o)
 .text          0x00000000        0x0 c:/users/jelle/appdata/local/arduino15/packages/arduino/tools/arm-none-eabi-gcc/4.8.3-2014q1/bin/../lib/gcc/arm-none-eabi/4.8.3/armv6-m/crtend.o
 .data          0x00000000        0x0 c:/users/jelle/appdata/local/arduino15/packages/arduino/tools/arm-none-eabi-gcc/4.8.3-2014q1/bin/../lib/gcc/arm-none-eabi/4.8.3/armv6-m/crtend.o
 .bss           0x00000000        0x0 c:/users/jelle/appdata/local/arduino15/packages/arduino/tools/arm-none-eabi-gcc/4.8.3-2014q1/bin/../lib/gcc/arm-none-eabi/4.8.3/armv6-m/crtend.o
 .text          0x00000000        0x0 c:/users/jelle/appdata/local/arduino15/packages/arduino/tools/arm-none-eabi-gcc/4.8.3-2014q1/bin/../lib/gcc/arm-none-eabi/4.8.3/armv6-m/crtn.o
 .data          0x00000000        0x0 c:/users/jelle/appdata/local/arduino15/packages/arduino/tools/arm-none-eabi-gcc/4.8.3-2014q1/bin/../lib/gcc/arm-none-eabi/4.8.3/armv6-m/crtn.o
 .bss           0x00000000        0x0 c:/users/jelle/appdata/local/arduino15/packages/arduino/tools/arm-none-eabi-gcc/4.8.3-2014q1/bin/../lib/gcc/arm-none-eabi/4.8.3/armv6-m/crtn.o

Memory Configuration

Name             Origin             Length             Attributes
FLASH            0x00000000         0x00002000         xr
RAM              0x20000000         0x00007ffc         xrw
*default*        0x00000000         0xffffffff

Linker script and memory map

LOAD c:/users/jelle/appdata/local/arduino15/packages/arduino/tools/arm-none-eabi-gcc/4.8.3-2014q1/bin/../lib/gcc/arm-none-eabi/4.8.3/armv6-m/crti.o
LOAD c:/users/jelle/appdata/local/arduino15/packages/arduino/tools/arm-none-eabi-gcc/4.8.3-2014q1/bin/../lib/gcc/arm-none-eabi/4.8.3/armv6-m/crtbegin.o
LOAD c:/users/jelle/appdata/local/arduino15/packages/arduino/tools/arm-none-eabi-gcc/4.8.3-2014q1/bin/../lib/gcc/arm-none-eabi/4.8.3/../../../../arm-none-eabi/lib/armv6-m/crt0.o
START GROUP
LOAD build/board_driver_led.o
LOAD build/board_driver_serial.o
LOAD build/board_driver_usb.o
LOAD build/board_init.o
LOAD build/board_startup.o
LOAD build/util.o
LOAD build/SDCard/sdBootloader.o
LOAD build/SDCard/mmcbbp.o
LOAD build/SDCard/pff.o
LOAD build/main.o
LOAD build/sam_ba_usb.o
LOAD build/sam_ba_cdc.o
LOAD build/sam_ba_monitor.o
LOAD build/sam_ba_serial.o
LOAD c:/users/jelle/appdata/local/arduino15/packages/arduino/tools/arm-none-eabi-gcc/4.8.3-2014q1/bin/../lib/gcc/arm-none-eabi/4.8.3/../../../../arm-none-eabi/lib/armv6-m\libm.a
END GROUP
START GROUP
LOAD c:/users/jelle/appdata/local/arduino15/packages/arduino/tools/arm-none-eabi-gcc/4.8.3-2014q1/bin/../lib/gcc/arm-none-eabi/4.8.3/armv6-m\libgcc.a
LOAD c:/users/jelle/appdata/local/arduino15/packages/arduino/tools/arm-none-eabi-gcc/4.8.3-2014q1/bin/../lib/gcc/arm-none-eabi/4.8.3/../../../../arm-none-eabi/lib/armv6-m\libc_s.a
END GROUP
START GROUP
LOAD c:/users/jelle/appdata/local/arduino15/packages/arduino/tools/arm-none-eabi-gcc/4.8.3-2014q1/bin/../lib/gcc/arm-none-eabi/4.8.3/armv6-m\libgcc.a
LOAD c:/users/jelle/appdata/local/arduino15/packages/arduino/tools/arm-none-eabi-gcc/4.8.3-2014q1/bin/../lib/gcc/arm-none-eabi/4.8.3/../../../../arm-none-eabi/lib/armv6-m\libc_s.a
LOAD c:/users/jelle/appdata/local/arduino15/packages/arduino/tools/arm-none-eabi-gcc/4.8.3-2014q1/bin/../lib/gcc/arm-none-eabi/4.8.3/../../../../arm-none-eabi/lib/armv6-m\libnosys.a
END GROUP
START GROUP
LOAD c:/users/jelle/appdata/local/arduino15/packages/arduino/tools/arm-none-eabi-gcc/4.8.3-2014q1/bin/../lib/gcc/arm-none-eabi/4.8.3/armv6-m\libgcc.a
LOAD c:/users/jelle/appdata/local/arduino15/packages/arduino/tools/arm-none-eabi-gcc/4.8.3-2014q1/bin/../lib/gcc/arm-none-eabi/4.8.3/../../../../arm-none-eabi/lib/armv6-m\libc_s.a
LOAD c:/users/jelle/appdata/local/arduino15/packages/arduino/tools/arm-none-eabi-gcc/4.8.3-2014q1/bin/../lib/gcc/arm-none-eabi/4.8.3/../../../../arm-none-eabi/lib/armv6-m\libnosys.a
END GROUP
LOAD c:/users/jelle/appdata/local/arduino15/packages/arduino/tools/arm-none-eabi-gcc/4.8.3-2014q1/bin/../lib/gcc/arm-none-eabi/4.8.3/armv6-m/crtend.o
LOAD c:/users/jelle/appdata/local/arduino15/packages/arduino/tools/arm-none-eabi-gcc/4.8.3-2014q1/bin/../lib/gcc/arm-none-eabi/4.8.3/armv6-m/crtn.o
                0x00000000                . = ORIGIN (FLASH)

.vectors        0x00000000       0x40
 *(.isr_vector)
 .isr_vector    0x00000000       0x40 build/board_startup.o
                0x00000000                exception_table

.text           0x00000040     0x1ee8
 *(.text*)
 .text          0x00000040       0x60 c:/users/jelle/appdata/local/arduino15/packages/arduino/tools/arm-none-eabi-gcc/4.8.3-2014q1/bin/../lib/gcc/arm-none-eabi/4.8.3/armv6-m/crtbegin.o
 .text.LED_pulse
                0x000000a0       0x9c build/board_driver_led.o
                0x000000a0                LED_pulse
 .text.LED_status
                0x0000013c       0x20 build/board_driver_led.o
                0x0000013c                LED_status
 .text.USB_IsConfigured
                0x0000015c       0x84 build/board_driver_usb.o
                0x0000015c                USB_IsConfigured
 .text.USB_Open
                0x000001e0       0x1c build/board_driver_usb.o
                0x000001e0                USB_Open
 .text.USB_Init
                0x000001fc       0xb0 build/board_driver_usb.o
                0x000001fc                USB_Init
 .text.USB_Write
                0x000002ac       0x90 build/board_driver_usb.o
                0x000002ac                USB_Write
 .text.USB_Read
                0x0000033c       0x7c build/board_driver_usb.o
                0x0000033c                USB_Read
 .text.USB_SendStall
                0x000003b8       0x12 build/board_driver_usb.o
                0x000003b8                USB_SendStall
 *fill*         0x000003ca        0x2 
 .text.USB_SendZlp
                0x000003cc       0x28 build/board_driver_usb.o
                0x000003cc                USB_SendZlp
 .text.USB_SetAddress
                0x000003f4        0xc build/board_driver_usb.o
                0x000003f4                USB_SetAddress
 .text.USB_Configure
                0x00000400       0x68 build/board_driver_usb.o
                0x00000400                USB_Configure
 .text.waitForPLL
                0x00000468       0x10 build/board_init.o
                0x00000468                waitForPLL
 .text.board_init
                0x00000478       0xf4 build/board_init.o
                0x00000478                board_init
 .text.NMI_Handler
                0x0000056c        0x4 build/board_startup.o
                0x0000056c                NMI_Handler
 .text.HardFault_Handler
                0x00000570        0x4 build/board_startup.o
                0x00000570                HardFault_Handler
 .text.SVC_Handler
                0x00000574        0x4 build/board_startup.o
                0x00000574                SVC_Handler
 .text.PendSV_Handler
                0x00000578        0x4 build/board_startup.o
                0x00000578                PendSV_Handler
 .text.Reset_Handler
                0x0000057c       0x50 build/board_startup.o
                0x0000057c                Reset_Handler
 .text.flashErase
                0x000005cc       0x2c build/util.o
                0x000005cc                flashErase
 .text.flashWrite
                0x000005f8       0x4c build/util.o
                0x000005f8                flashWrite
 .text.pinMux   0x00000644       0x4c build/util.o
                0x00000644                pinMux
 .text.pinConfig
                0x00000690       0x70 build/util.o
                0x00000690                pinConfig
 .text.isPinActive
                0x00000700       0x24 build/util.o
                0x00000700                isPinActive
 .text.delayUs  0x00000724       0x24 build/util.o
                0x00000724                delayUs
 .text.waitForSync
                0x00000748       0x14 build/util.o
                0x00000748                waitForSync
 .text.flashVerify
                0x0000075c       0x44 build/SDCard/sdBootloader.o
                0x0000075c                flashVerify
 .text.sdBootloader
                0x000007a0       0xbc build/SDCard/sdBootloader.o
                0x000007a0                sdBootloader
 .text.setBaud  0x0000085c       0x3c build/SDCard/mmcbbp.o
                0x0000085c                setBaud
 .text.deselect
                0x00000898        0xe build/SDCard/mmcbbp.o
                0x00000898                deselect
 *fill*         0x000008a6        0x2 
 .text.xfer_spi
                0x000008a8       0x20 build/SDCard/mmcbbp.o
                0x000008a8                xfer_spi
 .text.send_cmd
                0x000008c8       0x72 build/SDCard/mmcbbp.o
 *fill*         0x0000093a        0x2 
 .text.disk_initialize
                0x0000093c      0x198 build/SDCard/mmcbbp.o
                0x0000093c                disk_initialize
 .text.disk_readp
                0x00000ad4       0x80 build/SDCard/mmcbbp.o
                0x00000ad4                disk_readp
 .text.clust2sect
                0x00000b54       0x20 build/SDCard/pff.o
 .text.get_clust
                0x00000b74       0x28 build/SDCard/pff.o
 .text.dir_rewind
                0x00000b9c       0x44 build/SDCard/pff.o
 .text.get_fat  0x00000be0       0x78 build/SDCard/pff.o
 .text.check_fs
                0x00000c58       0x80 build/SDCard/pff.o
 .text.pf_mount
                0x00000cd8      0x160 build/SDCard/pff.o
                0x00000cd8                pf_mount
 .text.pf_open  0x00000e38      0x1a0 build/SDCard/pff.o
                0x00000e38                pf_open
 .text.pf_read  0x00000fd8       0xc0 build/SDCard/pff.o
                0x00000fd8                pf_read
 .text.pf_lseek
                0x00001098       0xac build/SDCard/pff.o
                0x00001098                pf_lseek
 .text.startup.main
                0x00001144       0xf4 build/main.o
                0x00001144                main
 .text.SysTick_Handler
                0x00001238        0xc build/main.o
                0x00001238                SysTick_Handler
 .text.usb_init
                0x00001244       0x20 build/sam_ba_usb.o
                0x00001244                usb_init
 .text.USB_SendString
                0x00001264       0x46 build/sam_ba_usb.o
                0x00001264                USB_SendString
 *fill*         0x000012aa        0x2 
 .text.sam_ba_usb_CDC_Enumerate
                0x000012ac      0x364 build/sam_ba_usb.o
                0x000012ac                sam_ba_usb_CDC_Enumerate
 .text.cdc_putc
                0x00001610       0x1c build/sam_ba_cdc.o
                0x00001610                cdc_putc
 .text.cdc_getc
                0x0000162c       0x1c build/sam_ba_cdc.o
                0x0000162c                cdc_getc
 .text.cdc_is_rx_ready
                0x00001648       0x24 build/sam_ba_cdc.o
                0x00001648                cdc_is_rx_ready
 .text.cdc_write_buf
                0x0000166c       0x1c build/sam_ba_cdc.o
                0x0000166c                cdc_write_buf
 .text.cdc_read_buf
                0x00001688       0x28 build/sam_ba_cdc.o
                0x00001688                cdc_read_buf
 .text.cdc_read_buf_xmd
                0x000016b0       0x38 build/sam_ba_cdc.o
                0x000016b0                cdc_read_buf_xmd
 .text.sam_ba_putdata.isra.0
                0x000016e8        0xc build/sam_ba_monitor.o
 .text.sam_ba_monitor_init
                0x000016f4       0x14 build/sam_ba_monitor.o
                0x000016f4                sam_ba_monitor_init
 .text.sam_ba_putdata_term
                0x00001708       0x80 build/sam_ba_monitor.o
                0x00001708                sam_ba_putdata_term
 .text.call_applet
                0x00001788       0x1c build/sam_ba_monitor.o
                0x00001788                call_applet
 .text.sam_ba_monitor_sys_tick
                0x000017a4        0x2 build/sam_ba_monitor.o
                0x000017a4                sam_ba_monitor_sys_tick
 *fill*         0x000017a6        0x2 
 .text.sam_ba_monitor_run
                0x000017a8      0x3f0 build/sam_ba_monitor.o
                0x000017a8                sam_ba_monitor_run
 .text.serial_add_crc
                0x00001b98       0x18 build/sam_ba_serial.o
                0x00001b98                serial_add_crc
 .text          0x00001bb0       0x9c c:/users/jelle/appdata/local/arduino15/packages/arduino/tools/arm-none-eabi-gcc/4.8.3-2014q1/bin/../lib/gcc/arm-none-eabi/4.8.3/armv6-m\libgcc.a(_udivsi3.o)
                0x00001bb0                __aeabi_uidiv
                0x00001bb0                __udivsi3
                0x00001c38                __aeabi_uidivmod
 .text          0x00001c4c        0x4 c:/users/jelle/appdata/local/arduino15/packages/arduino/tools/arm-none-eabi-gcc/4.8.3-2014q1/bin/../lib/gcc/arm-none-eabi/4.8.3/armv6-m\libgcc.a(_dvmd_tls.o)
                0x00001c4c                __aeabi_idiv0
                0x00001c4c                __aeabi_ldiv0
 .text.memcpy   0x00001c50       0x12 c:/users/jelle/appdata/local/arduino15/packages/arduino/tools/arm-none-eabi-gcc/4.8.3-2014q1/bin/../lib/gcc/arm-none-eabi/4.8.3/../../../../arm-none-eabi/lib/armv6-m\libc_s.a(lib_a-memcpy-stub.o)
                0x00001c50                memcpy
 .text.memset   0x00001c62       0x10 c:/users/jelle/appdata/local/arduino15/packages/arduino/tools/arm-none-eabi-gcc/4.8.3-2014q1/bin/../lib/gcc/arm-none-eabi/4.8.3/../../../../arm-none-eabi/lib/armv6-m\libc_s.a(lib_a-memset.o)
                0x00001c62                memset
 .text.strlen   0x00001c72        0xe c:/users/jelle/appdata/local/arduino15/packages/arduino/tools/arm-none-eabi-gcc/4.8.3-2014q1/bin/../lib/gcc/arm-none-eabi/4.8.3/../../../../arm-none-eabi/lib/armv6-m\libc_s.a(lib_a-strlen.o)
                0x00001c72                strlen
 *(.init)
 .init          0x00001c80        0x4 c:/users/jelle/appdata/local/arduino15/packages/arduino/tools/arm-none-eabi-gcc/4.8.3-2014q1/bin/../lib/gcc/arm-none-eabi/4.8.3/armv6-m/crti.o
                0x00001c80                _init
 .init          0x00001c84        0x8 c:/users/jelle/appdata/local/arduino15/packages/arduino/tools/arm-none-eabi-gcc/4.8.3-2014q1/bin/../lib/gcc/arm-none-eabi/4.8.3/armv6-m/crtn.o
 *(.fini)
 .fini          0x00001c8c        0x4 c:/users/jelle/appdata/local/arduino15/packages/arduino/tools/arm-none-eabi-gcc/4.8.3-2014q1/bin/../lib/gcc/arm-none-eabi/4.8.3/armv6-m/crti.o
                0x00001c8c                _fini
 .fini          0x00001c90        0x8 c:/users/jelle/appdata/local/arduino15/packages/arduino/tools/arm-none-eabi-gcc/4.8.3-2014q1/bin/../lib/gcc/arm-none-eabi/4.8.3/armv6-m/crtn.o
 *crtbegin.o(.ctors)
 *crtbegin?.o(.ctors)
 *(EXCLUDE_FILE(*crtend.o *crtend?.o) .ctors)
 *(SORT(.ctors.*))
 *(.ctors)
 *crtbegin.o(.dtors)
 *crtbegin?.o(.dtors)
 *(EXCLUDE_FILE(*crtend.o *crtend?.o) .dtors)
 *(SORT(.dtors.*))
 *(.dtors)
 *(.rodata*)
 .rodata        0x00001c98        0x4 build/sam_ba_usb.o
 .rodata.str1.1
                0x00001c9c       0x19 build/sam_ba_usb.o
 *fill*         0x00001cb5        0x3 
 .rodata.devDescriptor
                0x00001cb8       0x14 build/sam_ba_usb.o
 .rodata.usbcdc_if
                0x00001ccc       0x1c build/sam_ba_monitor.o
                0x00001ccc                usbcdc_if
 .rodata.str1.1
                0x00001ce8       0x29 build/sam_ba_monitor.o
                                 0x2c (size before relaxing)
 .rodata.RomBOOT_Version
                0x00001d11        0x4 build/sam_ba_monitor.o
                0x00001d11                RomBOOT_Version
 .rodata.RomBOOT_ExtendedCapabilities
                0x00001d15        0xe build/sam_ba_monitor.o
                0x00001d15                RomBOOT_ExtendedCapabilities
 *fill*         0x00001d23        0x1 
 .rodata.crc16Table
                0x00001d24      0x200 build/sam_ba_serial.o
 *(.eh_frame*)
 .eh_frame      0x00001f24        0x0 c:/users/jelle/appdata/local/arduino15/packages/arduino/tools/arm-none-eabi-gcc/4.8.3-2014q1/bin/../lib/gcc/arm-none-eabi/4.8.3/armv6-m/crtbegin.o
 .eh_frame      0x00001f24        0x4 c:/users/jelle/appdata/local/arduino15/packages/arduino/tools/arm-none-eabi-gcc/4.8.3-2014q1/bin/../lib/gcc/arm-none-eabi/4.8.3/armv6-m/crtend.o

.glue_7         0x00001f28        0x0
 .glue_7        0x00000000        0x0 linker stubs

.glue_7t        0x00001f28        0x0
 .glue_7t       0x00000000        0x0 linker stubs

.vfp11_veneer   0x00001f28        0x0
 .vfp11_veneer  0x00000000        0x0 linker stubs

.v4_bx          0x00001f28        0x0
 .v4_bx         0x00000000        0x0 linker stubs

.iplt           0x00001f28        0x0
 .iplt          0x00000000        0x0 c:/users/jelle/appdata/local/arduino15/packages/arduino/tools/arm-none-eabi-gcc/4.8.3-2014q1/bin/../lib/gcc/arm-none-eabi/4.8.3/armv6-m/crtbegin.o

.rel.dyn        0x00001f28        0x0
 .rel.iplt      0x00000000        0x0 c:/users/jelle/appdata/local/arduino15/packages/arduino/tools/arm-none-eabi-gcc/4.8.3-2014q1/bin/../lib/gcc/arm-none-eabi/4.8.3/armv6-m/crtbegin.o

.ARM.extab
 *(.ARM.extab* .gnu.linkonce.armextab.*)
                0x00001f28                __exidx_start = .

.ARM.exidx
 *(.ARM.exidx* .gnu.linkonce.armexidx.*)
                0x00001f28                __exidx_end = .
                0x00001f28                __etext = .
                0x00002000                PROVIDE (__sketch_vectors_ptr, (ORIGIN (FLASH) + 0x2000))

.data           0x20000000       0x78 load address 0x00001f28
                0x20000000                __data_start__ = .
 *(vtable)
 *(.data*)
 .data.ledDirection
                0x20000000        0x1 build/board_driver_led.o
                0x20000000                ledDirection
 .data.ledTargetValue
                0x20000001        0x1 build/board_driver_led.o
                0x20000001                ledTargetValue
 .data.ledTargetValueMin
                0x20000002        0x1 build/board_driver_led.o
                0x20000002                ledTargetValueMin
 *fill*         0x20000003        0x1 
 .data.SystemCoreClock
                0x20000004        0x4 build/util.o
                0x20000004                SystemCoreClock
 .data.update2Bin
                0x20000008        0xc build/SDCard/sdBootloader.o
                0x20000008                update2Bin
 .data.updateBin
                0x20000014        0xb build/SDCard/sdBootloader.o
                0x20000014                updateBin
 *fill*         0x2000001f        0x1 
 .data.cfgDescriptor
                0x20000020       0x44 build/sam_ba_usb.o
 .data.line_coding
                0x20000064        0x8 build/sam_ba_cdc.o
                0x20000064                line_coding
                0x2000006c                . = ALIGN (0x4)
                0x2000006c                PROVIDE (__preinit_array_start, .)
 *(.preinit_array)
                0x2000006c                PROVIDE (__preinit_array_end, .)
                0x2000006c                . = ALIGN (0x4)
                0x2000006c                PROVIDE (__init_array_start, .)
 *(SORT(.init_array.*))
 *(.init_array)
 .init_array    0x2000006c        0x4 c:/users/jelle/appdata/local/arduino15/packages/arduino/tools/arm-none-eabi-gcc/4.8.3-2014q1/bin/../lib/gcc/arm-none-eabi/4.8.3/armv6-m/crtbegin.o
                0x20000070                PROVIDE (__init_array_end, .)
                0x20000070                . = ALIGN (0x4)
                0x20000070                PROVIDE (__fini_array_start, .)
 *(SORT(.fini_array.*))
 *(.fini_array)
 .fini_array    0x20000070        0x4 c:/users/jelle/appdata/local/arduino15/packages/arduino/tools/arm-none-eabi-gcc/4.8.3-2014q1/bin/../lib/gcc/arm-none-eabi/4.8.3/armv6-m/crtbegin.o
                0x20000074                PROVIDE (__fini_array_end, .)
 *(.jcr*)
 .jcr           0x20000074        0x0 c:/users/jelle/appdata/local/arduino15/packages/arduino/tools/arm-none-eabi-gcc/4.8.3-2014q1/bin/../lib/gcc/arm-none-eabi/4.8.3/armv6-m/crtbegin.o
 .jcr           0x20000074        0x4 c:/users/jelle/appdata/local/arduino15/packages/arduino/tools/arm-none-eabi-gcc/4.8.3-2014q1/bin/../lib/gcc/arm-none-eabi/4.8.3/armv6-m/crtend.o
                0x20000078                . = ALIGN (0x4)
                0x20000078                __data_end__ = .

.igot.plt       0x20000078        0x0 load address 0x00001fa0
 .igot.plt      0x00000000        0x0 c:/users/jelle/appdata/local/arduino15/packages/arduino/tools/arm-none-eabi-gcc/4.8.3-2014q1/bin/../lib/gcc/arm-none-eabi/4.8.3/armv6-m/crtbegin.o

.bss            0x20000078      0x29c load address 0x00001fa0
                0x20000078                . = ALIGN (0x4)
                0x20000078                __bss_start__ = .
 *(.bss*)
 .bss           0x20000078       0x1c c:/users/jelle/appdata/local/arduino15/packages/arduino/tools/arm-none-eabi-gcc/4.8.3-2014q1/bin/../lib/gcc/arm-none-eabi/4.8.3/armv6-m/crtbegin.o
 .bss.ledKeepValue
                0x20000094        0x1 build/board_driver_led.o
                0x20000094                ledKeepValue
 .bss.read_job  0x20000095        0x1 build/board_driver_usb.o
 .bss.CardType  0x20000096        0x1 build/SDCard/mmcbbp.o
 *fill*         0x20000097        0x1 
 .bss.FatFs     0x20000098        0x4 build/SDCard/pff.o
 .bss.main_b_cdc_enable
                0x2000009c        0x1 build/main.o
 *fill*         0x2000009d        0x1 
 .bss.wLength.11555
                0x2000009e        0x2 build/sam_ba_usb.o
 .bss.bmRequestType.11550
                0x200000a0        0x1 build/sam_ba_usb.o
 .bss.bRequest.11551
                0x200000a1        0x1 build/sam_ba_usb.o
 .bss.wValue.11553
                0x200000a2        0x2 build/sam_ba_usb.o
 .bss.wIndex.11554
                0x200000a4        0x2 build/sam_ba_usb.o
 .bss.wStatus.11556
                0x200000a6        0x2 build/sam_ba_usb.o
 .bss.dir.11552
                0x200000a8        0x1 build/sam_ba_usb.o
 *fill*         0x200000a9        0x3 
 .bss.src_buff_addr.12471
                0x200000ac        0x4 build/sam_ba_monitor.o
 .bss.b_terminal_mode
                0x200000b0        0x1 build/sam_ba_monitor.o
                0x200000b0                b_terminal_mode
 .bss.b_sam_ba_interface_usart
                0x200000b1        0x1 build/sam_ba_monitor.o
                0x200000b1                b_sam_ba_interface_usart
 *(COMMON)
 *fill*         0x200000b2        0x2 
 COMMON         0x200000b4      0x180 build/board_driver_usb.o
                0x200000b4                udd_ep_out_cache_buffer
                0x20000134                udd_ep_in_cache_buffer
                0x200001b4                usb_endpoint_table
 COMMON         0x20000234       0x6c build/SDCard/sdBootloader.o
                0x20000234                Fatfs
                0x20000260                Buff
 COMMON         0x200002a0        0xc build/sam_ba_usb.o
                0x200002a0                sam_ba_cdc
 COMMON         0x200002ac       0x68 build/sam_ba_monitor.o
                0x200002ac                j
                0x200002b0                length
                0x200002b4                ptr
                0x200002b8                command
                0x200002bc                i
                0x200002c0                data
                0x20000300                ptr_data
                0x20000304                ptr_monitor_if
                0x20000308                sp
                0x2000030c                current_number
                0x20000310                u32tmp
                0x20000314                . = ALIGN (0x4)
                0x20000314                __bss_end__ = .

.heap           0x20000314        0x0
                0x20000314                __end__ = .
                0x20000314                PROVIDE (end, .)
 *(.heap*)
                0x20000314                __HeapLimit = .

.stack_dummy    0x20000314        0x0
 *(.stack*)
                0x20007ffc                __StackTop = (ORIGIN (RAM) + 0x7ffc)
                0x20007ffc                __StackLimit = (__StackTop - SIZEOF (.stack_dummy))
                0x00001fa0                __BinarySize = ((SIZEOF (.vectors) + SIZEOF (.text)) + SIZEOF (.data))
                0x20007ffc                PROVIDE (__stack, __StackTop)
                0x20007ffb                __ram_end__ = ((ORIGIN (RAM) + 0x7ffc) - 0x1)
                0x00000001                ASSERT ((__StackLimit >= __HeapLimit), region RAM overflowed with stack)
                0x00000001                ASSERT ((__BinarySize <= 0x2000), Bootloader exceeds 8KB (vectors + text + data). Please recompile with different options.)
OUTPUT(build/sam_ba_arduino_zero_SAMD21G18A.elf elf32-littlearm)

.ARM.attributes
                0x00000000       0x28
 .ARM.attributes
                0x00000000       0x1e c:/users/jelle/appdata/local/arduino15/packages/arduino/tools/arm-none-eabi-gcc/4.8.3-2014q1/bin/../lib/gcc/arm-none-eabi/4.8.3/armv6-m/crti.o
 .ARM.attributes
                0x0000001e       0x2c c:/users/jelle/appdata/local/arduino15/packages/arduino/tools/arm-none-eabi-gcc/4.8.3-2014q1/bin/../lib/gcc/arm-none-eabi/4.8.3/armv6-m/crtbegin.o
 .ARM.attributes
                0x0000004a       0x32 build/board_driver_led.o
 .ARM.attributes
                0x0000007c       0x32 build/board_driver_usb.o
 .ARM.attributes
                0x000000ae       0x32 build/board_init.o
 .ARM.attributes
                0x000000e0       0x32 build/board_startup.o
 .ARM.attributes
                0x00000112       0x32 build/util.o
 .ARM.attributes
                0x00000144       0x32 build/SDCard/sdBootloader.o
 .ARM.attributes
                0x00000176       0x32 build/SDCard/mmcbbp.o
 .ARM.attributes
                0x000001a8       0x32 build/SDCard/pff.o
 .ARM.attributes
                0x000001da       0x32 build/main.o
 .ARM.attributes
                0x0000020c       0x32 build/sam_ba_usb.o
 .ARM.attributes
                0x0000023e       0x32 build/sam_ba_cdc.o
 .ARM.attributes
                0x00000270       0x32 build/sam_ba_monitor.o
 .ARM.attributes
                0x000002a2       0x32 build/sam_ba_serial.o
 .ARM.attributes
                0x000002d4       0x1e c:/users/jelle/appdata/local/arduino15/packages/arduino/tools/arm-none-eabi-gcc/4.8.3-2014q1/bin/../lib/gcc/arm-none-eabi/4.8.3/armv6-m\libgcc.a(_udivsi3.o)
 .ARM.attributes
                0x000002f2       0x1e c:/users/jelle/appdata/local/arduino15/packages/arduino/tools/arm-none-eabi-gcc/4.8.3-2014q1/bin/../lib/gcc/arm-none-eabi/4.8.3/armv6-m\libgcc.a(_dvmd_tls.o)
 .ARM.attributes
                0x00000310       0x2c c:/users/jelle/appdata/local/arduino15/packages/arduino/tools/arm-none-eabi-gcc/4.8.3-2014q1/bin/../lib/gcc/arm-none-eabi/4.8.3/../../../../arm-none-eabi/lib/armv6-m\libc_s.a(lib_a-memcpy-stub.o)
 .ARM.attributes
                0x0000033c       0x2c c:/users/jelle/appdata/local/arduino15/packages/arduino/tools/arm-none-eabi-gcc/4.8.3-2014q1/bin/../lib/gcc/arm-none-eabi/4.8.3/../../../../arm-none-eabi/lib/armv6-m\libc_s.a(lib_a-memset.o)
 .ARM.attributes
                0x00000368       0x2c c:/users/jelle/appdata/local/arduino15/packages/arduino/tools/arm-none-eabi-gcc/4.8.3-2014q1/bin/../lib/gcc/arm-none-eabi/4.8.3/../../../../arm-none-eabi/lib/armv6-m\libc_s.a(lib_a-strlen.o)
 .ARM.attributes
                0x00000394       0x2c c:/users/jelle/appdata/local/arduino15/packages/arduino/tools/arm-none-eabi-gcc/4.8.3-2014q1/bin/../lib/gcc/arm-none-eabi/4.8.3/armv6-m/crtend.o
 .ARM.attributes
                0x000003c0       0x1e c:/users/jelle/appdata/local/arduino15/packages/arduino/tools/arm-none-eabi-gcc/4.8.3-2014q1/bin/../lib/gcc/arm-none-eabi/4.8.3/armv6-m/crtn.o

.comment        0x00000000       0x70
 .comment       0x00000000       0x70 build/board_driver_led.o
                                 0x71 (size before relaxing)
 .comment       0x00000000       0x71 build/board_driver_usb.o
 .comment       0x00000000       0x71 build/board_init.o
 .comment       0x00000000       0x71 build/board_startup.o
 .comment       0x00000000       0x71 build/util.o
 .comment       0x00000000       0x71 build/SDCard/sdBootloader.o
 .comment       0x00000000       0x71 build/SDCard/mmcbbp.o
 .comment       0x00000000       0x71 build/SDCard/pff.o
 .comment       0x00000000       0x71 build/main.o
 .comment       0x00000000       0x71 build/sam_ba_usb.o
 .comment       0x00000000       0x71 build/sam_ba_cdc.o
 .comment       0x00000000       0x71 build/sam_ba_monitor.o
 .comment       0x00000000       0x71 build/sam_ba_serial.o

.debug_frame    0x00000000       0x88
 .debug_frame   0x00000000       0x20 c:/users/jelle/appdata/local/arduino15/packages/arduino/tools/arm-none-eabi-gcc/4.8.3-2014q1/bin/../lib/gcc/arm-none-eabi/4.8.3/armv6-m\libgcc.a(_udivsi3.o)
 .debug_frame   0x00000020       0x28 c:/users/jelle/appdata/local/arduino15/packages/arduino/tools/arm-none-eabi-gcc/4.8.3-2014q1/bin/../lib/gcc/arm-none-eabi/4.8.3/../../../../arm-none-eabi/lib/armv6-m\libc_s.a(lib_a-memcpy-stub.o)
 .debug_frame   0x00000048       0x20 c:/users/jelle/appdata/local/arduino15/packages/arduino/tools/arm-none-eabi-gcc/4.8.3-2014q1/bin/../lib/gcc/arm-none-eabi/4.8.3/../../../../arm-none-eabi/lib/armv6-m\libc_s.a(lib_a-memset.o)
 .debug_frame   0x00000068       0x20 c:/users/jelle/appdata/local/arduino15/packages/arduino/tools/arm-none-eabi-gcc/4.8.3-2014q1/bin/../lib/gcc/arm-none-eabi/4.8.3/../../../../arm-none-eabi/lib/armv6-m\libc_s.a(lib_a-strlen.o)

Cross Reference Table

Symbol                                            File
Buff                                              build/SDCard/sdBootloader.o
Fatfs                                             build/SDCard/sdBootloader.o
HardFault_Handler                                 build/board_startup.o
LED_pulse                                         build/board_driver_led.o
                                                  build/main.o
LED_status                                        build/board_driver_led.o
                                                  build/SDCard/sdBootloader.o
NMI_Handler                                       build/board_startup.o
PendSV_Handler                                    build/board_startup.o
Reset_Handler                                     build/board_startup.o
RomBOOT_ExtendedCapabilities                      build/sam_ba_monitor.o
RomBOOT_Version                                   build/sam_ba_monitor.o
SVC_Handler                                       build/board_startup.o
SysTick_Handler                                   build/main.o
                                                  build/board_startup.o
SystemCoreClock                                   build/util.o
                                                  build/board_init.o
USB_Configure                                     build/board_driver_usb.o
                                                  build/sam_ba_usb.o
USB_Init                                          build/board_driver_usb.o
                                                  build/sam_ba_usb.o
USB_IsConfigured                                  build/board_driver_usb.o
                                                  build/sam_ba_cdc.o
USB_Open                                          build/board_driver_usb.o
                                                  build/sam_ba_usb.o
USB_Read                                          build/board_driver_usb.o
                                                  build/sam_ba_cdc.o
USB_Read_blocking                                 build/board_driver_usb.o
USB_SendStall                                     build/board_driver_usb.o
                                                  build/sam_ba_usb.o
USB_SendString                                    build/sam_ba_usb.o
USB_SendZlp                                       build/board_driver_usb.o
                                                  build/sam_ba_usb.o
USB_SetAddress                                    build/board_driver_usb.o
                                                  build/sam_ba_usb.o
USB_Write                                         build/board_driver_usb.o
                                                  build/sam_ba_cdc.o
                                                  build/sam_ba_usb.o
_Jv_RegisterClasses                               c:/users/jelle/appdata/local/arduino15/packages/arduino/tools/arm-none-eabi-gcc/4.8.3-2014q1/bin/../lib/gcc/arm-none-eabi/4.8.3/armv6-m/crtbegin.o
__StackTop                                        build/board_startup.o
__aeabi_idiv0                                     c:/users/jelle/appdata/local/arduino15/packages/arduino/tools/arm-none-eabi-gcc/4.8.3-2014q1/bin/../lib/gcc/arm-none-eabi/4.8.3/armv6-m\libgcc.a(_dvmd_tls.o)
                                                  c:/users/jelle/appdata/local/arduino15/packages/arduino/tools/arm-none-eabi-gcc/4.8.3-2014q1/bin/../lib/gcc/arm-none-eabi/4.8.3/armv6-m\libgcc.a(_udivsi3.o)
__aeabi_ldiv0                                     c:/users/jelle/appdata/local/arduino15/packages/arduino/tools/arm-none-eabi-gcc/4.8.3-2014q1/bin/../lib/gcc/arm-none-eabi/4.8.3/armv6-m\libgcc.a(_dvmd_tls.o)
__aeabi_uidiv                                     c:/users/jelle/appdata/local/arduino15/packages/arduino/tools/arm-none-eabi-gcc/4.8.3-2014q1/bin/../lib/gcc/arm-none-eabi/4.8.3/armv6-m\libgcc.a(_udivsi3.o)
                                                  build/SDCard/pff.o
                                                  build/SDCard/mmcbbp.o
__aeabi_uidivmod                                  c:/users/jelle/appdata/local/arduino15/packages/arduino/tools/arm-none-eabi-gcc/4.8.3-2014q1/bin/../lib/gcc/arm-none-eabi/4.8.3/armv6-m\libgcc.a(_udivsi3.o)
__bss_end__                                       build/board_startup.o
                                                  c:/users/jelle/appdata/local/arduino15/packages/arduino/tools/arm-none-eabi-gcc/4.8.3-2014q1/bin/../lib/gcc/arm-none-eabi/4.8.3/../../../../arm-none-eabi/lib/armv6-m/crt0.o
__bss_start__                                     build/board_startup.o
                                                  c:/users/jelle/appdata/local/arduino15/packages/arduino/tools/arm-none-eabi-gcc/4.8.3-2014q1/bin/../lib/gcc/arm-none-eabi/4.8.3/../../../../arm-none-eabi/lib/armv6-m/crt0.o
__call_exitprocs                                  c:/users/jelle/appdata/local/arduino15/packages/arduino/tools/arm-none-eabi-gcc/4.8.3-2014q1/bin/../lib/gcc/arm-none-eabi/4.8.3/../../../../arm-none-eabi/lib/armv6-m\libc_s.a(lib_a-exit.o)
__data_end__                                      build/board_startup.o
__data_start__                                    build/board_startup.o
__deregister_frame_info                           c:/users/jelle/appdata/local/arduino15/packages/arduino/tools/arm-none-eabi-gcc/4.8.3-2014q1/bin/../lib/gcc/arm-none-eabi/4.8.3/armv6-m/crtbegin.o
__dso_handle                                      c:/users/jelle/appdata/local/arduino15/packages/arduino/tools/arm-none-eabi-gcc/4.8.3-2014q1/bin/../lib/gcc/arm-none-eabi/4.8.3/armv6-m/crtbegin.o
__etext                                           build/board_startup.o
__init_array_end                                  c:/users/jelle/appdata/local/arduino15/packages/arduino/tools/arm-none-eabi-gcc/4.8.3-2014q1/bin/../lib/gcc/arm-none-eabi/4.8.3/../../../../arm-none-eabi/lib/armv6-m\libc_s.a(lib_a-init.o)
__init_array_start                                c:/users/jelle/appdata/local/arduino15/packages/arduino/tools/arm-none-eabi-gcc/4.8.3-2014q1/bin/../lib/gcc/arm-none-eabi/4.8.3/../../../../arm-none-eabi/lib/armv6-m\libc_s.a(lib_a-init.o)
__libc_fini_array                                 c:/users/jelle/appdata/local/arduino15/packages/arduino/tools/arm-none-eabi-gcc/4.8.3-2014q1/bin/../lib/gcc/arm-none-eabi/4.8.3/../../../../arm-none-eabi/lib/armv6-m/crt0.o
__libc_init_array                                 c:/users/jelle/appdata/local/arduino15/packages/arduino/tools/arm-none-eabi-gcc/4.8.3-2014q1/bin/../lib/gcc/arm-none-eabi/4.8.3/../../../../arm-none-eabi/lib/armv6-m\libc_s.a(lib_a-init.o)
                                                  c:/users/jelle/appdata/local/arduino15/packages/arduino/tools/arm-none-eabi-gcc/4.8.3-2014q1/bin/../lib/gcc/arm-none-eabi/4.8.3/../../../../arm-none-eabi/lib/armv6-m/crt0.o
__preinit_array_end                               c:/users/jelle/appdata/local/arduino15/packages/arduino/tools/arm-none-eabi-gcc/4.8.3-2014q1/bin/../lib/gcc/arm-none-eabi/4.8.3/../../../../arm-none-eabi/lib/armv6-m\libc_s.a(lib_a-init.o)
__preinit_array_start                             c:/users/jelle/appdata/local/arduino15/packages/arduino/tools/arm-none-eabi-gcc/4.8.3-2014q1/bin/../lib/gcc/arm-none-eabi/4.8.3/../../../../arm-none-eabi/lib/armv6-m\libc_s.a(lib_a-init.o)
__register_frame_info                             c:/users/jelle/appdata/local/arduino15/packages/arduino/tools/arm-none-eabi-gcc/4.8.3-2014q1/bin/../lib/gcc/arm-none-eabi/4.8.3/armv6-m/crtbegin.o
__sf_fake_stderr                                  c:/users/jelle/appdata/local/arduino15/packages/arduino/tools/arm-none-eabi-gcc/4.8.3-2014q1/bin/../lib/gcc/arm-none-eabi/4.8.3/../../../../arm-none-eabi/lib/armv6-m\libc_s.a(lib_a-impure.o)
__sf_fake_stdin                                   c:/users/jelle/appdata/local/arduino15/packages/arduino/tools/arm-none-eabi-gcc/4.8.3-2014q1/bin/../lib/gcc/arm-none-eabi/4.8.3/../../../../arm-none-eabi/lib/armv6-m\libc_s.a(lib_a-impure.o)
__sf_fake_stdout                                  c:/users/jelle/appdata/local/arduino15/packages/arduino/tools/arm-none-eabi-gcc/4.8.3-2014q1/bin/../lib/gcc/arm-none-eabi/4.8.3/../../../../arm-none-eabi/lib/armv6-m\libc_s.a(lib_a-impure.o)
__sketch_vectors_ptr                              build/main.o
__stack                                           c:/users/jelle/appdata/local/arduino15/packages/arduino/tools/arm-none-eabi-gcc/4.8.3-2014q1/bin/../lib/gcc/arm-none-eabi/4.8.3/../../../../arm-none-eabi/lib/armv6-m/crt0.o
__udivsi3                                         c:/users/jelle/appdata/local/arduino15/packages/arduino/tools/arm-none-eabi-gcc/4.8.3-2014q1/bin/../lib/gcc/arm-none-eabi/4.8.3/armv6-m\libgcc.a(_udivsi3.o)
_exit                                             c:/users/jelle/appdata/local/arduino15/packages/arduino/tools/arm-none-eabi-gcc/4.8.3-2014q1/bin/../lib/gcc/arm-none-eabi/4.8.3/../../../../arm-none-eabi/lib/armv6-m\libnosys.a(_exit.o)
                                                  c:/users/jelle/appdata/local/arduino15/packages/arduino/tools/arm-none-eabi-gcc/4.8.3-2014q1/bin/../lib/gcc/arm-none-eabi/4.8.3/../../../../arm-none-eabi/lib/armv6-m\libc_s.a(lib_a-exit.o)
_fini                                             c:/users/jelle/appdata/local/arduino15/packages/arduino/tools/arm-none-eabi-gcc/4.8.3-2014q1/bin/../lib/gcc/arm-none-eabi/4.8.3/armv6-m/crti.o
_global_impure_ptr                                c:/users/jelle/appdata/local/arduino15/packages/arduino/tools/arm-none-eabi-gcc/4.8.3-2014q1/bin/../lib/gcc/arm-none-eabi/4.8.3/../../../../arm-none-eabi/lib/armv6-m\libc_s.a(lib_a-impure.o)
                                                  c:/users/jelle/appdata/local/arduino15/packages/arduino/tools/arm-none-eabi-gcc/4.8.3-2014q1/bin/../lib/gcc/arm-none-eabi/4.8.3/../../../../arm-none-eabi/lib/armv6-m\libc_s.a(lib_a-exit.o)
_impure_ptr                                       c:/users/jelle/appdata/local/arduino15/packages/arduino/tools/arm-none-eabi-gcc/4.8.3-2014q1/bin/../lib/gcc/arm-none-eabi/4.8.3/../../../../arm-none-eabi/lib/armv6-m\libc_s.a(lib_a-impure.o)
_init                                             c:/users/jelle/appdata/local/arduino15/packages/arduino/tools/arm-none-eabi-gcc/4.8.3-2014q1/bin/../lib/gcc/arm-none-eabi/4.8.3/armv6-m/crti.o
                                                  c:/users/jelle/appdata/local/arduino15/packages/arduino/tools/arm-none-eabi-gcc/4.8.3-2014q1/bin/../lib/gcc/arm-none-eabi/4.8.3/../../../../arm-none-eabi/lib/armv6-m\libc_s.a(lib_a-init.o)
_mainCRTStartup                                   c:/users/jelle/appdata/local/arduino15/packages/arduino/tools/arm-none-eabi-gcc/4.8.3-2014q1/bin/../lib/gcc/arm-none-eabi/4.8.3/../../../../arm-none-eabi/lib/armv6-m/crt0.o
_start                                            c:/users/jelle/appdata/local/arduino15/packages/arduino/tools/arm-none-eabi-gcc/4.8.3-2014q1/bin/../lib/gcc/arm-none-eabi/4.8.3/../../../../arm-none-eabi/lib/armv6-m/crt0.o
atexit                                            c:/users/jelle/appdata/local/arduino15/packages/arduino/tools/arm-none-eabi-gcc/4.8.3-2014q1/bin/../lib/gcc/arm-none-eabi/4.8.3/../../../../arm-none-eabi/lib/armv6-m/crt0.o
b_sam_ba_interface_usart                          build/sam_ba_monitor.o
b_sharp_received                                  build/sam_ba_serial.o
b_terminal_mode                                   build/sam_ba_monitor.o
board_init                                        build/board_init.o
                                                  build/main.o
buffer_rx_usart                                   build/sam_ba_serial.o
buffer_tx_usart                                   build/sam_ba_serial.o
call_applet                                       build/sam_ba_monitor.o
cdc_getc                                          build/sam_ba_cdc.o
                                                  build/sam_ba_monitor.o
cdc_is_rx_ready                                   build/sam_ba_cdc.o
                                                  build/sam_ba_monitor.o
cdc_putc                                          build/sam_ba_cdc.o
                                                  build/sam_ba_monitor.o
cdc_read_buf                                      build/sam_ba_cdc.o
                                                  build/sam_ba_monitor.o
cdc_read_buf_xmd                                  build/sam_ba_cdc.o
                                                  build/sam_ba_monitor.o
cdc_write_buf                                     build/sam_ba_cdc.o
                                                  build/sam_ba_monitor.o
command                                           build/sam_ba_monitor.o
current_number                                    build/sam_ba_monitor.o
data                                              build/sam_ba_monitor.o
delayUs                                           build/util.o
                                                  build/main.o
                                                  build/SDCard/mmcbbp.o
                                                  build/board_driver_led.o
deselect                                          build/SDCard/mmcbbp.o
disk_initialize                                   build/SDCard/mmcbbp.o
                                                  build/SDCard/pff.o
disk_readp                                        build/SDCard/mmcbbp.o
                                                  build/SDCard/pff.o
error_timeout                                     build/sam_ba_serial.o
exception_table                                   build/board_startup.o
exit                                              c:/users/jelle/appdata/local/arduino15/packages/arduino/tools/arm-none-eabi-gcc/4.8.3-2014q1/bin/../lib/gcc/arm-none-eabi/4.8.3/../../../../arm-none-eabi/lib/armv6-m\libc_s.a(lib_a-exit.o)
                                                  c:/users/jelle/appdata/local/arduino15/packages/arduino/tools/arm-none-eabi-gcc/4.8.3-2014q1/bin/../lib/gcc/arm-none-eabi/4.8.3/../../../../arm-none-eabi/lib/armv6-m/crt0.o
flashErase                                        build/util.o
                                                  build/sam_ba_monitor.o
                                                  build/SDCard/sdBootloader.o
flashVerify                                       build/SDCard/sdBootloader.o
flashWrite                                        build/util.o
                                                  build/sam_ba_monitor.o
                                                  build/SDCard/sdBootloader.o
hardware_init_hook                                c:/users/jelle/appdata/local/arduino15/packages/arduino/tools/arm-none-eabi-gcc/4.8.3-2014q1/bin/../lib/gcc/arm-none-eabi/4.8.3/../../../../arm-none-eabi/lib/armv6-m/crt0.o
i                                                 build/sam_ba_monitor.o
idx_rx_read                                       build/sam_ba_serial.o
idx_rx_write                                      build/sam_ba_serial.o
idx_tx_read                                       build/sam_ba_serial.o
idx_tx_write                                      build/sam_ba_serial.o
isPinActive                                       build/util.o
                                                  build/main.o
j                                                 build/sam_ba_monitor.o
ledDirection                                      build/board_driver_led.o
                                                  build/main.o
ledKeepValue                                      build/board_driver_led.o
ledTargetValue                                    build/board_driver_led.o
ledTargetValueMin                                 build/board_driver_led.o
length                                            build/sam_ba_monitor.o
line_coding                                       build/sam_ba_cdc.o
                                                  build/sam_ba_usb.o
main                                              build/main.o
                                                  build/board_startup.o
                                                  c:/users/jelle/appdata/local/arduino15/packages/arduino/tools/arm-none-eabi-gcc/4.8.3-2014q1/bin/../lib/gcc/arm-none-eabi/4.8.3/../../../../arm-none-eabi/lib/armv6-m/crt0.o
memcpy                                            c:/users/jelle/appdata/local/arduino15/packages/arduino/tools/arm-none-eabi-gcc/4.8.3-2014q1/bin/../lib/gcc/arm-none-eabi/4.8.3/../../../../arm-none-eabi/lib/armv6-m\libc_s.a(lib_a-memcpy-stub.o)
                                                  build/sam_ba_monitor.o
                                                  build/sam_ba_usb.o
                                                  build/board_driver_usb.o
memset                                            c:/users/jelle/appdata/local/arduino15/packages/arduino/tools/arm-none-eabi-gcc/4.8.3-2014q1/bin/../lib/gcc/arm-none-eabi/4.8.3/../../../../arm-none-eabi/lib/armv6-m\libc_s.a(lib_a-memset.o)
                                                  build/SDCard/sdBootloader.o
                                                  build/board_driver_usb.o
                                                  c:/users/jelle/appdata/local/arduino15/packages/arduino/tools/arm-none-eabi-gcc/4.8.3-2014q1/bin/../lib/gcc/arm-none-eabi/4.8.3/../../../../arm-none-eabi/lib/armv6-m/crt0.o
mode_of_transfer                                  build/sam_ba_serial.o
pf_lseek                                          build/SDCard/pff.o
                                                  build/SDCard/sdBootloader.o
pf_mount                                          build/SDCard/pff.o
                                                  build/SDCard/sdBootloader.o
pf_open                                           build/SDCard/pff.o
                                                  build/SDCard/sdBootloader.o
pf_read                                           build/SDCard/pff.o
                                                  build/SDCard/sdBootloader.o
pinConfig                                         build/util.o
                                                  build/main.o
                                                  build/SDCard/mmcbbp.o
pinMux                                            build/util.o
                                                  build/sam_ba_serial.o
                                                  build/SDCard/mmcbbp.o
                                                  build/board_driver_usb.o
ptr                                               build/sam_ba_monitor.o
ptr_data                                          build/sam_ba_monitor.o
ptr_monitor_if                                    build/sam_ba_monitor.o
sam_ba_cdc                                        build/sam_ba_cdc.o
                                                  build/sam_ba_usb.o
sam_ba_monitor_init                               build/sam_ba_monitor.o
                                                  build/main.o
sam_ba_monitor_run                                build/sam_ba_monitor.o
                                                  build/main.o
sam_ba_monitor_sys_tick                           build/sam_ba_monitor.o
                                                  build/main.o
sam_ba_putdata_term                               build/sam_ba_monitor.o
sam_ba_usb_CDC_Enumerate                          build/sam_ba_usb.o
                                                  build/board_driver_usb.o
sdBootloader                                      build/SDCard/sdBootloader.o
                                                  build/main.o
serial_add_crc                                    build/sam_ba_serial.o
                                                  build/sam_ba_monitor.o
serial_close                                      build/sam_ba_serial.o
serial_getc                                       build/sam_ba_serial.o
serial_getdata                                    build/sam_ba_serial.o
serial_getdata_xmd                                build/sam_ba_serial.o
serial_is_rx_ready                                build/sam_ba_serial.o
serial_open                                       build/sam_ba_serial.o
serial_putc                                       build/sam_ba_serial.o
serial_putdata                                    build/sam_ba_serial.o
serial_putdata_xmd                                build/sam_ba_serial.o
serial_readc                                      build/sam_ba_serial.o
serial_sharp_received                             build/sam_ba_serial.o
setBaud                                           build/SDCard/mmcbbp.o
size_of_data                                      build/sam_ba_serial.o
software_init_hook                                c:/users/jelle/appdata/local/arduino15/packages/arduino/tools/arm-none-eabi-gcc/4.8.3-2014q1/bin/../lib/gcc/arm-none-eabi/4.8.3/../../../../arm-none-eabi/lib/armv6-m/crt0.o
sp                                                build/sam_ba_monitor.o
strlen                                            c:/users/jelle/appdata/local/arduino15/packages/arduino/tools/arm-none-eabi-gcc/4.8.3-2014q1/bin/../lib/gcc/arm-none-eabi/4.8.3/../../../../arm-none-eabi/lib/armv6-m\libc_s.a(lib_a-strlen.o)
                                                  build/sam_ba_usb.o
systemReset                                       build/util.o
u32tmp                                            build/sam_ba_monitor.o
uart_basic_init                                   build/board_driver_serial.o
                                                  build/sam_ba_serial.o
uart_disable                                      build/board_driver_serial.o
                                                  build/sam_ba_serial.o
uart_drv_error_flag                               build/board_driver_serial.o
uart_read_buffer_polled                           build/board_driver_serial.o
uart_read_byte                                    build/board_driver_serial.o
                                                  build/sam_ba_serial.o
uart_write_buffer_polled                          build/board_driver_serial.o
uart_write_byte                                   build/board_driver_serial.o
                                                  build/sam_ba_serial.o
udd_ep_in_cache_buffer                            build/board_driver_usb.o
udd_ep_out_cache_buffer                           build/sam_ba_usb.o
                                                  build/board_driver_usb.o
update2Bin                                        build/SDCard/sdBootloader.o
updateBin                                         build/SDCard/sdBootloader.o
usb_endpoint_table                                build/board_driver_usb.o
usb_init                                          build/sam_ba_usb.o
                                                  build/main.o
usbcdc_if                                         build/sam_ba_monitor.o
waitForDFLL                                       build/board_init.o
waitForPLL                                        build/board_init.o
waitForSync                                       build/util.o
                                                  build/board_init.o
xfer_spi                                          build/SDCard/mmcbbp.o
